[templates.hibootstrap.com/xton/default/index-2.html]
[templates.hibootstrap.com/xton/default/assets/css/bootstrap.min.css]
[templates.hibootstrap.com/xton/default/assets/css/animate.min.css]
[templates.hibootstrap.com/xton/default/assets/css/boxicons.min.css]
[templates.hibootstrap.com/xton/default/assets/css/flaticon.css]
[templates.hibootstrap.com/xton/default/assets/css/magnific-popup.min.css]
[templates.hibootstrap.com/xton/default/assets/css/nice-select.min.css]
[templates.hibootstrap.com/xton/default/assets/css/slick.min.css]
[templates.hibootstrap.com/xton/default/assets/css/owl.carousel.min.css]
[templates.hibootstrap.com/xton/default/assets/css/meanmenu.min.css]
[templates.hibootstrap.com/xton/default/assets/css/rangeSlider.min.css]
[templates.hibootstrap.com/xton/default/assets/css/style.css]
[templates.hibootstrap.com/xton/default/assets/css/dark.css]
[backblue.gif]
[fade.gif]
[index.html]
[templates.hibootstrap.com/xton/default/assets/css/responsive.css]
[templates.hibootstrap.com/xton/default/assets/img/favicon.png]
[templates.hibootstrap.com/xton/default/assets/img/us-flag.jpg]
[templates.hibootstrap.com/xton/default/assets/img/germany-flag.jpg]
[templates.hibootstrap.com/xton/default/assets/img/france-flag.jpg]
[templates.hibootstrap.com/xton/default/assets/img/spain-flag.jpg]
[templates.hibootstrap.com/xton/default/assets/img/russia-flag.jpg]
[templates.hibootstrap.com/xton/default/assets/img/italy-flag.jpg]
[templates.hibootstrap.com/xton/default/login.html]
[templates.hibootstrap.com/xton/default/compare.html]
[templates.hibootstrap.com/xton/default/index.html]
[templates.hibootstrap.com/xton/default/assets/img/logo.png]
[templates.hibootstrap.com/xton/default/assets/img/white-logo.png]
[templates.hibootstrap.com/xton/default/index-4.html]
[templates.hibootstrap.com/xton/default/index-3.html]
[templates.hibootstrap.com/xton/default/index-5.html]
[templates.hibootstrap.com/xton/default/products-left-sidebar.html]
[templates.hibootstrap.com/xton/default/products-left-sidebar-with-categories.html]
[templates.hibootstrap.com/xton/default/products-right-sidebar.html]
[templates.hibootstrap.com/xton/default/products-right-sidebar-with-categories.html]
[templates.hibootstrap.com/xton/default/products-one-row.html]
[templates.hibootstrap.com/xton/default/products-without-sidebar.html]
[templates.hibootstrap.com/xton/default/products-sidebar-fullwidth.html]
[templates.hibootstrap.com/xton/default/products-left-sidebar-2.html]
[templates.hibootstrap.com/xton/default/products-left-sidebar-with-categories-2.html]
[templates.hibootstrap.com/xton/default/products-right-sidebar-2.html]
[templates.hibootstrap.com/xton/default/products-right-sidebar-with-categories-2.html]
[templates.hibootstrap.com/xton/default/products-one-row-2.html]
[templates.hibootstrap.com/xton/default/products-without-sidebar-2.html]
[templates.hibootstrap.com/xton/default/products-sidebar-fullwidth-2.html]
[templates.hibootstrap.com/xton/default/products-left-sidebar-3.html]
[templates.hibootstrap.com/xton/default/products-left-sidebar-with-categories-3.html]
[templates.hibootstrap.com/xton/default/products-right-sidebar-3.html]
[templates.hibootstrap.com/xton/default/products-one-row-3.html]
[templates.hibootstrap.com/xton/default/products-without-sidebar-3.html]
[templates.hibootstrap.com/xton/default/products-right-sidebar-with-categories-3.html]
[templates.hibootstrap.com/xton/default/products-sidebar-fullwidth-3.html]
[templates.hibootstrap.com/xton/default/products-type-1.html]
[templates.hibootstrap.com/xton/default/products-type-3.html]
[templates.hibootstrap.com/xton/default/products-type-2.html]
[templates.hibootstrap.com/xton/default/products-type-4.html]
[templates.hibootstrap.com/xton/default/products-type-5.html]
[templates.hibootstrap.com/xton/default/cart.html]
[templates.hibootstrap.com/xton/default/checkout.html]
[templates.hibootstrap.com/xton/default/assets/img/brand/img1.png]
[templates.hibootstrap.com/xton/default/assets/img/brand/img2.png]
[templates.hibootstrap.com/xton/default/assets/img/brand/img3.png]
[templates.hibootstrap.com/xton/default/assets/img/brand/img4.png]
[templates.hibootstrap.com/xton/default/assets/img/brand/img5.png]
[templates.hibootstrap.com/xton/default/assets/img/brand/img6.png]
[templates.hibootstrap.com/xton/default/about.html]
[templates.hibootstrap.com/xton/default/customer-service.html]
[templates.hibootstrap.com/xton/default/signup.html]
[templates.hibootstrap.com/xton/default/faqs.html]
[templates.hibootstrap.com/xton/default/error-404.html]
[templates.hibootstrap.com/xton/default/coming-soon.html]
[templates.hibootstrap.com/xton/default/track-order.html]
[templates.hibootstrap.com/xton/default/contact.html]
[templates.hibootstrap.com/xton/default/gallery-1.html]
[templates.hibootstrap.com/xton/default/gallery-2.html]
[templates.hibootstrap.com/xton/default/gallery-3.html]
[templates.hibootstrap.com/xton/default/gallery-4.html]
[templates.hibootstrap.com/xton/default/gallery-5.html]
[templates.hibootstrap.com/xton/default/gallery-6.html]
[templates.hibootstrap.com/xton/default/categories-1.html]
[templates.hibootstrap.com/xton/default/categories-2.html]
[templates.hibootstrap.com/xton/default/categories-3.html]
[templates.hibootstrap.com/xton/default/categories-4.html]
[templates.hibootstrap.com/xton/default/lookbook-1.html]
[templates.hibootstrap.com/xton/default/lookbook-2.html]
[templates.hibootstrap.com/xton/default/lookbook-3.html]
[templates.hibootstrap.com/xton/default/sizing-guide.html]
[templates.hibootstrap.com/xton/default/assets/img/categories/img1.jpg]
[templates.hibootstrap.com/xton/default/assets/img/categories/img2.jpg]
[templates.hibootstrap.com/xton/default/blog-1.html]
[templates.hibootstrap.com/xton/default/blog-2.html]
[templates.hibootstrap.com/xton/default/blog-4.html]
[templates.hibootstrap.com/xton/default/blog-5.html]
[templates.hibootstrap.com/xton/default/blog-6.html]
[templates.hibootstrap.com/xton/default/blog-3.html]
[templates.hibootstrap.com/xton/default/single-blog-1.html]
[templates.hibootstrap.com/xton/default/single-blog-2.html]
[templates.hibootstrap.com/xton/default/single-blog-3.html]
[templates.hibootstrap.com/xton/default/assets/img/categories/img5.jpg]
[templates.hibootstrap.com/xton/default/assets/img/categories/img6.jpg]
[templates.hibootstrap.com/xton/default/assets/img/categories/img7.jpg]
[templates.hibootstrap.com/xton/default/assets/img/categories/img8.jpg]
[templates.hibootstrap.com/xton/default/assets/img/products/img13.jpg]
[templates.hibootstrap.com/xton/default/assets/img/products/img-hover13.jpg]
[templates.hibootstrap.com/xton/default/assets/img/products/img14.jpg]
[templates.hibootstrap.com/xton/default/assets/img/products/img-hover14.jpg]
[templates.hibootstrap.com/xton/default/assets/img/products/img15.jpg]
[templates.hibootstrap.com/xton/default/assets/img/products/img-hover15.jpg]
[templates.hibootstrap.com/xton/default/assets/img/products/img16.jpg]
[templates.hibootstrap.com/xton/default/assets/img/products/img-hover16.jpg]
[templates.hibootstrap.com/xton/default/assets/img/products/img17.jpg]
[templates.hibootstrap.com/xton/default/assets/img/products/img-hover17.jpg]
[templates.hibootstrap.com/xton/default/assets/img/products/img18.jpg]
[templates.hibootstrap.com/xton/default/assets/img/products/img-hover18.jpg]
[templates.hibootstrap.com/xton/default/assets/img/products/img7.jpg]
[templates.hibootstrap.com/xton/default/assets/img/products/img-hover7.jpg]
[templates.hibootstrap.com/xton/default/assets/img/products/img8.jpg]
[templates.hibootstrap.com/xton/default/assets/img/products/img-hover8.jpg]
[templates.hibootstrap.com/xton/default/assets/img/products/img9.jpg]
[templates.hibootstrap.com/xton/default/assets/img/products/img-hover9.jpg]
[templates.hibootstrap.com/xton/default/assets/img/products/img10.jpg]
[templates.hibootstrap.com/xton/default/assets/img/products/img-hover10.jpg]
[templates.hibootstrap.com/xton/default/assets/img/products/img11.jpg]
[templates.hibootstrap.com/xton/default/assets/img/products/img-hover11.jpg]
[templates.hibootstrap.com/xton/default/assets/img/products/img12.jpg]
[templates.hibootstrap.com/xton/default/assets/img/products/img-hover12.jpg]
[templates.hibootstrap.com/xton/default/assets/img/products/img1.jpg]
[templates.hibootstrap.com/xton/default/assets/img/products/img-hover1.jpg]
[templates.hibootstrap.com/xton/default/assets/img/products/img2.jpg]
[templates.hibootstrap.com/xton/default/assets/img/products/img-hover2.jpg]
[templates.hibootstrap.com/xton/default/assets/img/products/img3.jpg]
[templates.hibootstrap.com/xton/default/assets/img/products/img-hover3.jpg]
[templates.hibootstrap.com/xton/default/assets/img/products/img4.jpg]
[templates.hibootstrap.com/xton/default/assets/img/products/img-hover4.jpg]
[templates.hibootstrap.com/xton/default/assets/img/products/img5.jpg]
[templates.hibootstrap.com/xton/default/assets/img/products/img-hover5.jpg]
[templates.hibootstrap.com/xton/default/assets/img/products/img6.jpg]
[templates.hibootstrap.com/xton/default/assets/img/products/img-hover6.jpg]
[templates.hibootstrap.com/xton/default/assets/img/blog/img1.jpg]
[templates.hibootstrap.com/xton/default/assets/img/blog/img2.jpg]
[templates.hibootstrap.com/xton/default/assets/img/blog/img3.jpg]
[templates.hibootstrap.com/xton/default/assets/img/instagram/img1.jpg]
[templates.hibootstrap.com/xton/default/assets/img/instagram/img2.jpg]
[templates.hibootstrap.com/xton/default/assets/img/instagram/img3.jpg]
[templates.hibootstrap.com/xton/default/assets/img/instagram/img4.jpg]
[templates.hibootstrap.com/xton/default/assets/img/instagram/img10.jpg]
[templates.hibootstrap.com/xton/default/assets/img/instagram/img6.jpg]
[templates.hibootstrap.com/xton/default/assets/img/instagram/img7.jpg]
[templates.hibootstrap.com/xton/default/assets/img/instagram/img8.jpg]
[templates.hibootstrap.com/xton/default/assets/img/instagram/img9.jpg]
[templates.hibootstrap.com/xton/default/assets/img/instagram/img5.jpg]
[templates.hibootstrap.com/xton/default/assets/img/quick-view-img.jpg]
[templates.hibootstrap.com/xton/default/assets/img/offer-bg.jpg]
[templates.hibootstrap.com/xton/default/assets/img/payment/visa.png]
[templates.hibootstrap.com/xton/default/assets/img/payment/mastercard.png]
[templates.hibootstrap.com/xton/default/assets/img/payment/mastercard2.png]
[templates.hibootstrap.com/xton/default/assets/img/payment/visa2.png]
[templates.hibootstrap.com/xton/default/assets/img/payment/expresscard.png]
[templates.hibootstrap.com/cdn-cgi/scripts/5c5dd728/cloudflare-static/email-decode.min.js]
[templates.hibootstrap.com/xton/default/assets/js/jquery.min.js]
[templates.hibootstrap.com/xton/default/assets/js/popper.min.js]
[templates.hibootstrap.com/xton/default/assets/js/owl.carousel.min.js]
[templates.hibootstrap.com/xton/default/assets/js/magnific-popup.min.js]
[templates.hibootstrap.com/xton/default/assets/js/parallax.min.js]
[templates.hibootstrap.com/xton/default/assets/js/rangeSlider.min.js]
[templates.hibootstrap.com/xton/default/assets/js/meanmenu.min.js]
[templates.hibootstrap.com/xton/default/assets/js/nice-select.min.js]
[templates.hibootstrap.com/xton/default/assets/js/isotope.pkgd.min.js]
[templates.hibootstrap.com/xton/default/assets/js/slick.min.js]
[templates.hibootstrap.com/xton/default/assets/js/sticky-sidebar.min.js]
[templates.hibootstrap.com/xton/default/assets/js/wow.min.js]
[templates.hibootstrap.com/xton/default/assets/js/form-validator.min.js]
[templates.hibootstrap.com/xton/default/assets/js/contact-form-script.js]
[templates.hibootstrap.com/xton/default/assets/js/ajaxchimp.min.js]
[templates.hibootstrap.com/xton/default/index-2.html]
[templates.hibootstrap.com/xton/default/assets/css/bootstrap.min.css]
[templates.hibootstrap.com/xton/default/assets/css/animate.min.css]
[templates.hibootstrap.com/xton/default/assets/js/main.js]
[templates.hibootstrap.com/xton/default/assets/fonts/boxicons.woff2]
[templates.hibootstrap.com/xton/default/assets/fonts/boxicons.ttf]
[templates.hibootstrap.com/xton/default/assets/js/bootstrap.bundle.min.js]
[templates.hibootstrap.com/xton/default/assets/css/boxicons.min.css]
[templates.hibootstrap.com/xton/default/assets/fonts/boxicons.woff]
[templates.hibootstrap.com/xton/default/assets/fonts/Flaticon.eot]
[templates.hibootstrap.com/xton/default/assets/fonts/Flaticond41d.eot]
[templates.hibootstrap.com/xton/default/assets/fonts/Flaticon.woff2]
[templates.hibootstrap.com/xton/default/assets/fonts/Flaticon.woff]
[templates.hibootstrap.com/xton/default/assets/fonts/boxiconsd41d.svg]
[templates.hibootstrap.com/xton/default/assets/fonts/Flaticon.ttf]
[templates.hibootstrap.com/xton/default/assets/fonts/boxicons.eot]
[templates.hibootstrap.com/xton/default/assets/css/flaticon.css]
[templates.hibootstrap.com/xton/default/assets/css/magnific-popup.min.css]
[templates.hibootstrap.com/xton/default/assets/css/nice-select.min.css]
[templates.hibootstrap.com/xton/default/assets/css/slick.min.css]
[templates.hibootstrap.com/xton/default/assets/fonts/Flaticon.svg]
[templates.hibootstrap.com/xton/default/assets/css/owl.video.play.png]
[templates.hibootstrap.com/xton/default/assets/css/owl.carousel.min.css]
[templates.hibootstrap.com/xton/default/assets/css/meanmenu.min.css]
[templates.hibootstrap.com/xton/default/assets/css/rangeSlider.min.css]
[templates.hibootstrap.com/xton/default/assets/img/main-banner1.jpg]
[templates.hibootstrap.com/xton/default/assets/img/main-banner2.jpg]
[templates.hibootstrap.com/xton/default/assets/img/main-banner3.jpg]
[templates.hibootstrap.com/xton/default/assets/img/main-banner5.jpg]
[templates.hibootstrap.com/xton/default/assets/img/main-banner6.jpg]
[templates.hibootstrap.com/xton/default/assets/img/offer-bg2.jpg]
[templates.hibootstrap.com/xton/default/assets/img/bg.jpg]
[templates.hibootstrap.com/xton/default/assets/img/blog/img7.jpg]
[templates.hibootstrap.com/xton/default/assets/img/blog/img8.jpg]
[templates.hibootstrap.com/xton/default/assets/img/blog/img5.jpg]
[templates.hibootstrap.com/xton/default/assets/img/coming-soon-bg.jpg]
[templates.hibootstrap.com/xton/default/assets/css/style.css]
[templates.hibootstrap.com/xton/default/assets/img/night.png]
[templates.hibootstrap.com/xton/default/assets/img/sunny.png]
[templates.hibootstrap.com/xton/default/assets/css/dark.css]
[templates.hibootstrap.com/xton/default/assets/css/responsive.css]
[templates.hibootstrap.com/xton/default/login.html]
[templates.hibootstrap.com/xton/default/compare.html]
[templates.hibootstrap.com/xton/default/assets/img/categories/img3.jpg]
[templates.hibootstrap.com/xton/default/assets/img/categories/img4.jpg]
[templates.hibootstrap.com/xton/default/assets/img/partner/partner1.png]
[templates.hibootstrap.com/xton/default/assets/img/partner/partner2.png]
[templates.hibootstrap.com/xton/default/assets/img/partner/partner3.png]
[templates.hibootstrap.com/xton/default/assets/img/partner/partner4.png]
[templates.hibootstrap.com/xton/default/assets/img/partner/partner5.png]
[templates.hibootstrap.com/xton/default/assets/img/partner/partner6.png]
[templates.hibootstrap.com/xton/default/index.html]
[templates.hibootstrap.com/xton/default/assets/img/blog/img4.jpg]
[templates.hibootstrap.com/xton/default/index-3.html]
[templates.hibootstrap.com/xton/default/assets/img/banner-img2.png]
[templates.hibootstrap.com/xton/default/assets/img/banner-img1.png]
[templates.hibootstrap.com/xton/default/assets/img/offer/img1.jpg]
[templates.hibootstrap.com/xton/default/assets/img/offer/img2.jpg]
[templates.hibootstrap.com/xton/default/assets/img/offer/img3.jpg]
[templates.hibootstrap.com/xton/default/index-4.html]
[templates.hibootstrap.com/xton/default/index-5.html]
[templates.hibootstrap.com/xton/default/products-left-sidebar.html]
[templates.hibootstrap.com/xton/default/products-left-sidebar-with-categories.html]
[templates.hibootstrap.com/xton/default/products-right-sidebar.html]
[templates.hibootstrap.com/xton/default/products-right-sidebar-with-categories.html]
[templates.hibootstrap.com/xton/default/products-one-row.html]
[templates.hibootstrap.com/xton/default/products-without-sidebar.html]
[templates.hibootstrap.com/xton/default/products-sidebar-fullwidth.html]
[templates.hibootstrap.com/xton/default/products-left-sidebar-2.html]
[templates.hibootstrap.com/xton/default/products-left-sidebar-with-categories-2.html]
[templates.hibootstrap.com/xton/default/products-right-sidebar-2.html]
[templates.hibootstrap.com/xton/default/products-right-sidebar-with-categories-2.html]
[templates.hibootstrap.com/xton/default/products-one-row-2.html]
[templates.hibootstrap.com/xton/default/products-without-sidebar-2.html]
[templates.hibootstrap.com/xton/default/products-sidebar-fullwidth-2.html]
[templates.hibootstrap.com/xton/default/products-left-sidebar-3.html]
[templates.hibootstrap.com/xton/default/products-left-sidebar-with-categories-3.html]
[templates.hibootstrap.com/xton/default/products-right-sidebar-3.html]
[templates.hibootstrap.com/xton/default/products-right-sidebar-with-categories-3.html]
[templates.hibootstrap.com/xton/default/products-one-row-3.html]
[templates.hibootstrap.com/xton/default/products-without-sidebar-3.html]
[templates.hibootstrap.com/xton/default/products-sidebar-fullwidth-3.html]
[templates.hibootstrap.com/xton/default/products-type-1.html]
[templates.hibootstrap.com/xton/default/products-type-2.html]
[templates.hibootstrap.com/xton/default/products-type-3.html]
[templates.hibootstrap.com/xton/default/products-type-4.html]
[templates.hibootstrap.com/xton/default/products-type-5.html]
[templates.hibootstrap.com/xton/default/cart.html]
[templates.hibootstrap.com/xton/default/checkout.html]
[templates.hibootstrap.com/xton/default/assets/img/about/img1.jpg]
[templates.hibootstrap.com/xton/default/assets/img/about/img2.jpg]
[templates.hibootstrap.com/xton/default/assets/img/user1.jpg]
[templates.hibootstrap.com/xton/default/assets/img/user2.jpg]
[templates.hibootstrap.com/xton/default/assets/img/user3.jpg]
[templates.hibootstrap.com/xton/default/assets/img/user4.jpg]
[templates.hibootstrap.com/xton/default/about.html]
[templates.hibootstrap.com/xton/default/customer-service.html]
[templates.hibootstrap.com/xton/default/signup.html]
[templates.hibootstrap.com/xton/default/faqs.html]
[templates.hibootstrap.com/xton/default/assets/img/error-404.png]
[templates.hibootstrap.com/xton/default/error-404.html]
[templates.hibootstrap.com/xton/default/coming-soon.html]
[templates.hibootstrap.com/xton/default/track-order.html]
[templates.hibootstrap.com/xton/default/contact.html]
[templates.hibootstrap.com/xton/default/assets/img/gallery/item1.jpg]
[templates.hibootstrap.com/xton/default/assets/img/gallery/item2.jpg]
[templates.hibootstrap.com/xton/default/assets/img/gallery/item3.jpg]
[templates.hibootstrap.com/xton/default/assets/img/gallery/item4.jpg]
[templates.hibootstrap.com/xton/default/assets/img/gallery/item5.jpg]
[templates.hibootstrap.com/xton/default/assets/img/gallery/item6.jpg]
[templates.hibootstrap.com/xton/default/assets/img/gallery/item7.jpg]
[templates.hibootstrap.com/xton/default/assets/img/gallery/item8.jpg]
[templates.hibootstrap.com/xton/default/assets/img/gallery/item9.jpg]
[templates.hibootstrap.com/xton/default/assets/img/gallery/item10.jpg]
[templates.hibootstrap.com/xton/default/assets/img/gallery/item11.jpg]
[templates.hibootstrap.com/xton/default/assets/img/gallery/item12.jpg]
[templates.hibootstrap.com/xton/default/gallery-1.html]
[templates.hibootstrap.com/xton/default/gallery-2.html]
[templates.hibootstrap.com/xton/default/gallery-3.html]
[templates.hibootstrap.com/xton/default/gallery-4.html]
[templates.hibootstrap.com/xton/default/assets/img/main-banner4.jpg]
[templates.hibootstrap.com/xton/default/gallery-5.html]
[templates.hibootstrap.com/xton/default/gallery-6.html]
[templates.hibootstrap.com/xton/default/assets/img/categories/img9.jpg]
[templates.hibootstrap.com/xton/default/assets/img/categories/img10.jpg]
[templates.hibootstrap.com/xton/default/categories-1.html]
[templates.hibootstrap.com/xton/default/categories-2.html]
[templates.hibootstrap.com/xton/default/categories-3.html]
[templates.hibootstrap.com/xton/default/categories-4.html]
[templates.hibootstrap.com/xton/default/assets/img/lookbook/item1.jpg]
[templates.hibootstrap.com/xton/default/assets/img/lookbook/item2.jpg]
[templates.hibootstrap.com/xton/default/assets/img/lookbook/item3.jpg]
[templates.hibootstrap.com/xton/default/assets/img/lookbook/item4.jpg]
[templates.hibootstrap.com/xton/default/assets/img/lookbook/item5.jpg]
[templates.hibootstrap.com/xton/default/assets/img/lookbook/item6.jpg]
[templates.hibootstrap.com/xton/default/assets/img/lookbook/item7.jpg]
[templates.hibootstrap.com/xton/default/assets/img/lookbook/item8.jpg]
[templates.hibootstrap.com/xton/default/assets/img/lookbook/item9.jpg]
[templates.hibootstrap.com/xton/default/lookbook-1.html]
[templates.hibootstrap.com/xton/default/lookbook-2.html]
[templates.hibootstrap.com/xton/default/lookbook-3.html]
[templates.hibootstrap.com/xton/default/sizing-guide.html]
[templates.hibootstrap.com/xton/default/assets/img/blog/img6.jpg]
[templates.hibootstrap.com/xton/default/blog-1.html]
[templates.hibootstrap.com/xton/default/blog-2.html]
[templates.hibootstrap.com/xton/default/blog-3.html]
[templates.hibootstrap.com/xton/default/blog-4.html]
[templates.hibootstrap.com/xton/default/blog-5.html]
[templates.hibootstrap.com/xton/default/blog-6.html]
[templates.hibootstrap.com/xton/default/single-blog-1.html]
[templates.hibootstrap.com/xton/default/single-blog-2.html]
[templates.hibootstrap.com/xton/default/single-blog-3.html]
[templates.hibootstrap.com/xton/default/assets/js/popper.min.html]
[templates.hibootstrap.com/xton/default/assets/fonts/boxiconsd41d.svg]
[templates.hibootstrap.com/xton/default/assets/fonts/Flaticon.svg]
[templates.hibootstrap.com/xton/default/assets/css/owl.video.play.html]
